// Jest Snapshot v1, https://goo.gl/fbAQLP

exports[`The collapsible menu component will render for home 1`] = `
<div>
  <Memo(ForwardRef(MenuIcon))
    fontSize="large"
    onClick={[Function]}
    sx={
      Object {
        "marginLeft": 1,
      }
    }
  />
  <ForwardRef(Drawer)
    anchor="top"
    onClose={[Function]}
    open={false}
  >
    <ForwardRef(Box)
      onClick={[Function]}
      onKeyDown={[Function]}
      role="presentation"
      sx={
        Object {
          "width": 250,
        }
      }
    >
      <ForwardRef(MenuList)>
        <ForwardRef(MenuItem)
          component={
            Object {
              "$$typeof": Symbol(react.forward_ref),
              "propTypes": Object {
                "activeClassName": [Function],
                "activeStyle": [Function],
                "aria-current": [Function],
                "className": [Function],
                "exact": [Function],
                "innerRef": [Function],
                "isActive": [Function],
                "location": [Function],
                "onClick": [Function],
                "replace": [Function],
                "sensitive": [Function],
                "strict": [Function],
                "style": [Function],
                "target": [Function],
                "to": [Function],
              },
              "render": [Function],
            }
          }
          to="/"
        >
          <ForwardRef(ListItemIcon)>
            <Memo(ForwardRef(HomeIcon))
              fontSize="medium"
            />
          </ForwardRef(ListItemIcon)>
          <ForwardRef(ListItemText)
            primaryTypographyProps={
              Object {
                "fontSize": 20,
                "fontWeight": "bold",
                "marginLeft": 5,
              }
            }
            sx={
              Object {
                "color": "#b20e0e",
              }
            }
          >
            Home
          </ForwardRef(ListItemText)>
        </ForwardRef(MenuItem)>
        <ForwardRef(MenuItem)
          component={
            Object {
              "$$typeof": Symbol(react.forward_ref),
              "propTypes": Object {
                "activeClassName": [Function],
                "activeStyle": [Function],
                "aria-current": [Function],
                "className": [Function],
                "exact": [Function],
                "innerRef": [Function],
                "isActive": [Function],
                "location": [Function],
                "onClick": [Function],
                "replace": [Function],
                "sensitive": [Function],
                "strict": [Function],
                "style": [Function],
                "target": [Function],
                "to": [Function],
              },
              "render": [Function],
            }
          }
          to="/pins"
        >
          <ForwardRef(ListItemIcon)>
            <Memo(ForwardRef(AccountCircleIcon))
              fontSize="medium"
            />
          </ForwardRef(ListItemIcon)>
          <ForwardRef(ListItemText)
            primaryTypographyProps={
              Object {
                "fontSize": 20,
                "fontWeight": "bold",
                "marginLeft": 5,
              }
            }
            sx={
              Object {
                "color": "#5e6870",
              }
            }
          >
            My Pins
          </ForwardRef(ListItemText)>
        </ForwardRef(MenuItem)>
        <ForwardRef(MenuItem)
          onClick={[Function]}
        >
          <ForwardRef(ListItemIcon)>
            <Memo(ForwardRef(LogoutIcon))
              fontSize="medium"
            />
          </ForwardRef(ListItemIcon)>
          <ForwardRef(ListItemText)
            primaryTypographyProps={
              Object {
                "fontSize": 20,
                "fontWeight": "bold",
                "marginLeft": 5,
              }
            }
            sx={
              Object {
                "color": "#5e6870",
              }
            }
          >
            Logout
          </ForwardRef(ListItemText)>
        </ForwardRef(MenuItem)>
      </ForwardRef(MenuList)>
    </ForwardRef(Box)>
  </ForwardRef(Drawer)>
</div>
`;

exports[`The collapsible menu component will render for my pins 1`] = `
<div>
  <Memo(ForwardRef(MenuIcon))
    fontSize="large"
    onClick={[Function]}
    sx={
      Object {
        "marginLeft": 1,
      }
    }
  />
  <ForwardRef(Drawer)
    anchor="top"
    onClose={[Function]}
    open={false}
  >
    <ForwardRef(Box)
      onClick={[Function]}
      onKeyDown={[Function]}
      role="presentation"
      sx={
        Object {
          "width": 250,
        }
      }
    >
      <ForwardRef(MenuList)>
        <ForwardRef(MenuItem)
          component={
            Object {
              "$$typeof": Symbol(react.forward_ref),
              "propTypes": Object {
                "activeClassName": [Function],
                "activeStyle": [Function],
                "aria-current": [Function],
                "className": [Function],
                "exact": [Function],
                "innerRef": [Function],
                "isActive": [Function],
                "location": [Function],
                "onClick": [Function],
                "replace": [Function],
                "sensitive": [Function],
                "strict": [Function],
                "style": [Function],
                "target": [Function],
                "to": [Function],
              },
              "render": [Function],
            }
          }
          to="/"
        >
          <ForwardRef(ListItemIcon)>
            <Memo(ForwardRef(HomeIcon))
              fontSize="medium"
            />
          </ForwardRef(ListItemIcon)>
          <ForwardRef(ListItemText)
            primaryTypographyProps={
              Object {
                "fontSize": 20,
                "fontWeight": "bold",
                "marginLeft": 5,
              }
            }
            sx={
              Object {
                "color": "#5e6870",
              }
            }
          >
            Home
          </ForwardRef(ListItemText)>
        </ForwardRef(MenuItem)>
        <ForwardRef(MenuItem)
          component={
            Object {
              "$$typeof": Symbol(react.forward_ref),
              "propTypes": Object {
                "activeClassName": [Function],
                "activeStyle": [Function],
                "aria-current": [Function],
                "className": [Function],
                "exact": [Function],
                "innerRef": [Function],
                "isActive": [Function],
                "location": [Function],
                "onClick": [Function],
                "replace": [Function],
                "sensitive": [Function],
                "strict": [Function],
                "style": [Function],
                "target": [Function],
                "to": [Function],
              },
              "render": [Function],
            }
          }
          to="/pins"
        >
          <ForwardRef(ListItemIcon)>
            <Memo(ForwardRef(AccountCircleIcon))
              fontSize="medium"
            />
          </ForwardRef(ListItemIcon)>
          <ForwardRef(ListItemText)
            primaryTypographyProps={
              Object {
                "fontSize": 20,
                "fontWeight": "bold",
                "marginLeft": 5,
              }
            }
            sx={
              Object {
                "color": "#b20e0e",
              }
            }
          >
            My Pins
          </ForwardRef(ListItemText)>
        </ForwardRef(MenuItem)>
        <ForwardRef(MenuItem)
          onClick={[Function]}
        >
          <ForwardRef(ListItemIcon)>
            <Memo(ForwardRef(LogoutIcon))
              fontSize="medium"
            />
          </ForwardRef(ListItemIcon)>
          <ForwardRef(ListItemText)
            primaryTypographyProps={
              Object {
                "fontSize": 20,
                "fontWeight": "bold",
                "marginLeft": 5,
              }
            }
            sx={
              Object {
                "color": "#5e6870",
              }
            }
          >
            Logout
          </ForwardRef(ListItemText)>
        </ForwardRef(MenuItem)>
      </ForwardRef(MenuList)>
    </ForwardRef(Box)>
  </ForwardRef(Drawer)>
</div>
`;
