// Jest Snapshot v1, https://goo.gl/fbAQLP

exports[`The search component Will render only search Icon if not selected by the user 1`] = `
<div
  className="search"
>
  <ForwardRef(Tooltip)
    placement="bottom"
    title="Search by description, owner or tags"
  >
    <Memo(ForwardRef(SearchIcon))
      fontSize="large"
      onClick={[MockFunction]}
      sx={
        {
          "cursor": "pointer",
          "justifySelf": "flex-end",
        }
      }
    />
  </ForwardRef(Tooltip)>
</div>
`;

exports[`The search component Will render search bar if selected by the user 1`] = `
<div
  style={
    {
      "alignItems": "center",
      "display": "flex",
      "justifyContent": "space-around",
      "marginLeft": "auto",
      "marginRight": "auto",
    }
  }
>
  <ForwardRef(Paper)
    component="form"
    elevation={3}
    sx={
      {
        "alignItems": "center",
        "display": "flex",
        "marginBottom": "auto",
        "marginTop": "auto",
        "p": "2px 4px",
        "width": 360,
      }
    }
    variant="elevation"
  >
    <ForwardRef(IconButton)
      aria-label="menu"
      id="back"
      onClick={[Function]}
      sx={
        {
          "p": "10px",
        }
      }
    >
      <Memo(ForwardRef(ArrowBackIcon)) />
    </ForwardRef(IconButton)>
    <ForwardRef(InputBase)
      autoFocus={true}
      inputProps={
        {
          "aria-label": "search",
        }
      }
      onChange={[Function]}
      placeholder="Search..."
      sx={
        {
          "height": "100%",
          "marginLeft": 1,
          "width": "100%",
        }
      }
      value=""
    />
    <ForwardRef(IconButton)
      id="clear-search"
      onClick={[Function]}
      sx={
        {
          "cursor": "pointer",
          "p": "10px",
          "visibility": "hidden",
        }
      }
      type="button"
    >
      <Memo(ForwardRef(HighlightOffIcon)) />
    </ForwardRef(IconButton)>
  </ForwardRef(Paper)>
</div>
`;
