// Jest Snapshot v1, https://goo.gl/fbAQLP

exports[`The Mypins Component Mypins landing page will render 1`] = `
<Fragment>
  <div>
    <div
      id="mypinframe"
    >
      <i
        aria-hidden="true"
        className="fa fa-google"
        style={
          Object {
            "color": "green",
            "fontSize": 30,
            "marginTop": 80,
          }
        }
      />
      <h3
        id="username"
      >
        tester displayname
      </h3>
      <div
        id="creatpinwrapper"
        onClick={[Function]}
        onKeyDown={[Function]}
        role="button"
        tabIndex={0}
      >
        <div
          id="createpin"
        >
          <i
            aria-hidden="true"
            className="fa fa-plus-circle"
          />
        </div>
        <h3
          id="createpintext"
        >
          Create Pin
        </h3>
      </div>
      <PinCreate
        message={false}
        reset={[Function]}
        savePin={[Function]}
        userInfo={
          Object {
            "authenticated": true,
            "displayname": "tester displayname",
            "service": "tester service",
            "userId": "tester user Id",
            "username": "tester username",
          }
        }
      />
    </div>
    <ImageBuild
      deletePin={[Function]}
      displayPinZoom={false}
      imagesLoaded={false}
      layoutComplete={[Function]}
      onBrokenImage={[Function]}
      pinEnlarge={[Function]}
      pinImage={null}
      pinList={
        Array [
          Object {
            "_id": 2,
            "hasSaved": true,
            "imgDescription": "imgDescription id-2",
            "imgLink": "imgLink id-2",
            "owner": "owner id-2",
            "owns": false,
            "savedBy": Array [
              "savedBy - id-2",
              "savedBy2 - id-2",
            ],
          },
          Object {
            "_id": 3,
            "hasSaved": false,
            "imgDescription": "imgDescription id-3",
            "imgLink": "imgLink id-3",
            "owner": "owner id-3",
            "owns": true,
            "savedBy": Array [
              "savedBy - id-3",
              "savedBy2 - id-3",
            ],
          },
        ]
      }
      resetModal={[Function]}
      zoomInfo={Array []}
    />
    <div
      className="modal-overlay hide"
    />
  </div>
</Fragment>
`;
