// Jest Snapshot v1, https://goo.gl/fbAQLP

exports[`The pin creation modal will render for links to images 1`] = `
<ForwardRef(Dialog)
  open={true}
  sx={
    {
      "& .MuiDialog-container": {
        "& .MuiPaper-root": {
          "maxWidth": 341.3333333333333,
          "width": "100%",
        },
      },
    }
  }
>
  <ForwardRef(DialogTitle)
    id="pin-create-dialog-title"
  >
    Create pin from link
    <ForwardRef(IconButton)
      aria-label="settings"
      id="close-pin-create-modal"
      onClick={[Function]}
      sx={
        {
          "color": [Function],
          "position": "absolute",
          "right": 8,
          "top": 8,
        }
      }
    >
      <Memo(ForwardRef(CancelIcon))
        style={
          {
            "color": "#3a1c1cde",
            "fontSize": "1.5em",
          }
        }
      />
    </ForwardRef(IconButton)>
  </ForwardRef(DialogTitle)>
  <ForwardRef(Card)
    sx={
      {
        "width": 341.3333333333333,
      }
    }
  >
    <ForwardRef(CardHeader)
      action={
        <ForwardRef(FormControlLabel)
          control={
            <ForwardRef(Switch)
              checked={false}
              onChange={[Function]}
            />
          }
          label={<Memo />}
          sx={
            {
              "color": "900",
              "marginRight": 80,
            }
          }
        />
      }
    />
    <ForwardRef(CardMedia)
      component="img"
      id="new-pin-image"
      image="/load-error.png"
      onError={[Function]}
      onLoad={[Function]}
      sx={
        {
          "height": 240,
          "objectFit": "contain",
        }
      }
    />
    <ForwardRef(CardActions)>
      <div
        style={
          {
            "alignItems": "center",
            "display": "flex",
            "flexDirection": "column",
            "justifyContent": "space-evenly",
            "width": "100%",
          }
        }
      >
        <ForwardRef(TextField)
          color="success"
          error={true}
          id="pin-description"
          label="Description..."
          onChange={[Function]}
          style={
            {
              "margin": "1.5vh",
              "width": "100%",
            }
          }
          value=""
          variant="standard"
        />
        <ForwardRef(TextField)
          color="success"
          error={true}
          id="pin-img-link"
          label="Paste image address here http://..."
          onChange={[Function]}
          style={
            {
              "margin": "1.5vh",
              "width": "100%",
            }
          }
          value=""
          variant="standard"
        />
        <SavePin
          isDescriptionError={true}
          isImageError={true}
          isImageLoaded={false}
          picPreview=""
          savePic={[Function]}
        />
      </div>
    </ForwardRef(CardActions)>
  </ForwardRef(Card)>
</ForwardRef(Dialog)>
`;

exports[`The pin creation modal will render for uploading images 1`] = `
<ForwardRef(Dialog)
  open={true}
  sx={
    {
      "& .MuiDialog-container": {
        "& .MuiPaper-root": {
          "maxWidth": 341.3333333333333,
          "width": "100%",
        },
      },
    }
  }
>
  <ForwardRef(DialogTitle)
    id="pin-create-dialog-title"
  >
    Create pin from file
    <ForwardRef(IconButton)
      aria-label="settings"
      id="close-pin-create-modal"
      onClick={[Function]}
      sx={
        {
          "color": [Function],
          "position": "absolute",
          "right": 8,
          "top": 8,
        }
      }
    >
      <Memo(ForwardRef(CancelIcon))
        style={
          {
            "color": "#3a1c1cde",
            "fontSize": "1.5em",
          }
        }
      />
    </ForwardRef(IconButton)>
  </ForwardRef(DialogTitle)>
  <ForwardRef(Card)
    sx={
      {
        "width": 341.3333333333333,
      }
    }
  >
    <ForwardRef(CardHeader)
      action={
        <ForwardRef(FormControlLabel)
          control={
            <ForwardRef(Switch)
              checked={true}
              onChange={[Function]}
            />
          }
          label={<Memo />}
          sx={
            {
              "color": "900",
              "marginRight": 80,
            }
          }
        />
      }
    />
    <ForwardRef(CardMedia)
      component="img"
      id="new-pin-image"
      image="/load-error.png"
      onError={[Function]}
      onLoad={[Function]}
      sx={
        {
          "height": 240,
          "objectFit": "contain",
        }
      }
    />
    <ForwardRef(CardActions)>
      <div
        style={
          {
            "alignItems": "center",
            "display": "flex",
            "flexDirection": "column",
            "justifyContent": "space-evenly",
            "width": "100%",
          }
        }
      >
        <ForwardRef(TextField)
          color="success"
          error={true}
          id="pin-description"
          label="Description..."
          onChange={[Function]}
          style={
            {
              "margin": "1.5vh",
              "width": "100%",
            }
          }
          value=""
          variant="standard"
        />
        <ForwardRef(Button)
          color="error"
          component="label"
          startIcon={<Memo />}
          sx={
            {
              "margin": "2.3vh",
            }
          }
          variant="contained"
        >
          choose image
          <input
            accept="image/*"
            hidden={true}
            onChange={[Function]}
            type="file"
          />
        </ForwardRef(Button)>
        <SavePin
          isDescriptionError={true}
          isImageError={true}
          isImageLoaded={false}
          picPreview=""
          savePic={[Function]}
        />
      </div>
    </ForwardRef(CardActions)>
  </ForwardRef(Card)>
</ForwardRef(Dialog)>
`;
