// Jest Snapshot v1, https://goo.gl/fbAQLP

exports[`The ImageBuild component will render.... 1`] = `
<Fragment>
  <div
    id="mainframe"
  >
    <InfiniteScroll
      dataLength={3}
      hasMore={false}
      initialScrollY={0}
      next={[Function]}
    >
      <MasonryPins
        deletePin={[MockFunction]}
        layoutComplete={[Function]}
        onBrokenImage={[Function]}
        pinEnlarge={[Function]}
        pinImage={[MockFunction]}
        pins={
          Array [
            Object {
              "_id": 1,
              "comments": Array [
                Object {
                  "comment": "Test comment",
                  "createdAt": "2021-07-28T16:30:48.572Z",
                  "displayName": "tester-displayName",
                },
              ],
              "createdAt": "2020-12-25T00:00:00.000+00:00",
              "hasSaved": false,
              "imgDescription": "imgDescription id-1",
              "imgLink": "imgLink id-1",
              "owner": "owner id-1",
              "owns": false,
              "savedBy": Array [
                "savedBy - id-1",
                "savedBy2 - id-1",
              ],
            },
            Object {
              "_id": 2,
              "createdAt": "2020-12-25T00:00:00.000+00:00",
              "hasSaved": true,
              "imgDescription": "imgDescription id-2",
              "imgLink": "imgLink id-2",
              "owner": "owner id-2",
              "owns": false,
              "savedBy": Array [
                "savedBy - id-2",
                "savedBy2 - id-2",
              ],
            },
            Object {
              "_id": 3,
              "createdAt": "2020-12-25T00:00:00.000+00:00",
              "hasSaved": false,
              "imgDescription": "imgDescription id-3",
              "imgLink": "imgLink id-3",
              "owner": "owner id-3",
              "owns": true,
              "savedBy": Array [
                "savedBy - id-3",
                "savedBy2 - id-3",
              ],
            },
          ]
        }
      />
    </InfiniteScroll>
  </div>
  <Loading
    imagesLoaded={false}
    ready={true}
  />
</Fragment>
`;
