// Jest Snapshot v1, https://goo.gl/fbAQLP

exports[`The MasonryPins component will render.... 1`] = `
<MasonryComponent
  className="my-gallery-class"
  disableImagesLoaded={false}
  elementType="div"
  enableResizableChildren={false}
  imagesLoadedOptions={{}}
  onImagesLoaded={[MockFunction]}
  onLayoutComplete={[Function]}
  onRemoveComplete={[Function]}
  options={
    {
      "fitWidth": true,
    }
  }
  updateOnEachImageLoad={false}
>
  <div
    className="image-box"
    key="1"
    onClick={[Function]}
    onKeyDown={[Function]}
    role="button"
    tabIndex={0}
  >
    <img
      alt="imgDescription id-1"
      className="image-format"
      onError={[Function]}
      onLoad={[Function]}
      src="imgLink id-1"
      style={
        {
          "visibility": "hidden",
        }
      }
    />
    <div
      className="description"
    >
      <ForwardRef(Typography)
        sx={
          {
            "fontWeight": "bold",
          }
        }
        variant="h6"
      >
        imgDescription id-1
      </ForwardRef(Typography)>
      <ForwardRef(Typography)
        sx={
          {
            "fontWeight": "bold",
          }
        }
        variant="h6"
      >
        ðŸ“Œ 2
      </ForwardRef(Typography)>
    </div>
    <HandleThumbnailImage
      deletePin={[MockFunction]}
      pin={
        {
          "_id": "1",
          "comments": [
            {
              "_id": "Comment_id_1",
              "comment": "Test comment",
              "createdAt": "2021-07-28T16:30:48.572Z",
              "displayName": "tester-displayName",
              "userId": "Comment_User_Id_1",
            },
          ],
          "createdAt": "2020-12-25T00:00:00.000+00:00",
          "hasSaved": false,
          "imgDescription": "imgDescription id-1",
          "imgLink": "imgLink id-1",
          "owner": {
            "name": "owner id-1",
            "service": "google",
            "userId": "1",
          },
          "owns": false,
          "savedBy": [
            {
              "name": "savedBy - id-1",
              "service": "google",
              "userId": "1",
            },
            {
              "name": "savedBy - id-1",
              "service": "github",
              "userId": "1",
            },
          ],
          "tags": [
            {
              "_id": "tag_id_1",
              "tag": "tag 1",
            },
            {
              "_id": "tag_id_2",
              "tag": "tag 2",
            },
          ],
        }
      }
      pinImage={[MockFunction]}
    />
    <div
      className="owner"
    >
      owner id-1
    </div>
  </div>
  <div
    className="image-box"
    key="2"
    onClick={[Function]}
    onKeyDown={[Function]}
    role="button"
    tabIndex={0}
  >
    <img
      alt="imgDescription id-2"
      className="image-format"
      onError={[Function]}
      onLoad={[Function]}
      src="imgLink id-2"
      style={
        {
          "visibility": "hidden",
        }
      }
    />
    <div
      className="description"
    >
      <ForwardRef(Typography)
        sx={
          {
            "fontWeight": "bold",
          }
        }
        variant="h6"
      >
        imgDescription id-2
      </ForwardRef(Typography)>
      <ForwardRef(Typography)
        sx={
          {
            "fontWeight": "bold",
          }
        }
        variant="h6"
      >
        ðŸ“Œ 2
      </ForwardRef(Typography)>
    </div>
    <HandleThumbnailImage
      deletePin={[MockFunction]}
      pin={
        {
          "_id": "2",
          "comments": [],
          "createdAt": "2020-12-25T00:00:00.000+00:00",
          "hasSaved": true,
          "imgDescription": "imgDescription id-2",
          "imgLink": "imgLink id-2",
          "owner": {
            "name": "owner id-2",
            "service": "twitter",
            "userId": "2",
          },
          "owns": false,
          "savedBy": [
            {
              "name": "savedBy - id-2",
              "service": "google",
              "userId": "2",
            },
            {
              "name": "savedBy - id-2git",
              "service": "github",
              "userId": "2",
            },
          ],
          "tags": [
            {
              "_id": "tag_id_1",
              "tag": "tag 1",
            },
          ],
        }
      }
      pinImage={[MockFunction]}
    />
    <div
      className="owner"
    >
      owner id-2
    </div>
  </div>
  <div
    className="image-box"
    key="3"
    onClick={[Function]}
    onKeyDown={[Function]}
    role="button"
    tabIndex={0}
  >
    <img
      alt="imgDescription id-3"
      className="image-format"
      onError={[Function]}
      onLoad={[Function]}
      src="imgLink id-3"
      style={
        {
          "visibility": "hidden",
        }
      }
    />
    <div
      className="description"
    >
      <ForwardRef(Typography)
        sx={
          {
            "fontWeight": "bold",
          }
        }
        variant="h6"
      >
        imgDescription id-3
      </ForwardRef(Typography)>
      <ForwardRef(Typography)
        sx={
          {
            "fontWeight": "bold",
          }
        }
        variant="h6"
      >
        ðŸ“Œ 2
      </ForwardRef(Typography)>
    </div>
    <HandleThumbnailImage
      deletePin={[MockFunction]}
      pin={
        {
          "_id": "3",
          "comments": [],
          "createdAt": "2020-12-25T00:00:00.000+00:00",
          "hasSaved": false,
          "imgDescription": "imgDescription id-3",
          "imgLink": "imgLink id-3",
          "owner": {
            "name": "owner id-3",
            "service": "github",
            "userId": "3",
          },
          "owns": true,
          "savedBy": [
            {
              "name": "savedBy - id-3",
              "service": "google",
              "userId": "3",
            },
            {
              "name": "savedBy - id-3",
              "service": "github",
              "userId": "3",
            },
          ],
          "tags": [],
        }
      }
      pinImage={[MockFunction]}
    />
    <div
      className="owner"
    >
      owner id-3
    </div>
  </div>
</MasonryComponent>
`;
