// Jest Snapshot v1, https://goo.gl/fbAQLP

exports[`The MasonryPins component will render.... 1`] = `
<MasonryComponent
  className="my-gallery-class"
  disableImagesLoaded={false}
  elementType="div"
  enableResizableChildren={false}
  imagesLoadedOptions={Object {}}
  onImagesLoaded={[MockFunction]}
  onLayoutComplete={[Function]}
  onRemoveComplete={[Function]}
  options={
    Object {
      "fitWidth": true,
    }
  }
  updateOnEachImageLoad={false}
>
  <div
    className="image-box"
    key="1"
    onClick={[Function]}
    onKeyDown={[Function]}
    role="button"
    tabIndex={0}
  >
    <img
      alt="imgDescription id-1"
      className="image-format"
      onError={[Function]}
      onLoad={[Function]}
      src="imgLink id-1"
      style={
        Object {
          "visibility": "hidden",
        }
      }
    />
    <div
      className="description"
    >
      imgDescription id-1
    </div>
    <HandleThumbnailImage
      deletePin={[MockFunction]}
      element={
        Object {
          "_id": 1,
          "comments": Array [
            Object {
              "_id": "Comment_id_1",
              "comment": "Test comment",
              "createdAt": "2021-07-28T16:30:48.572Z",
              "displayName": "tester-displayName",
            },
          ],
          "createdAt": "2020-12-25T00:00:00.000+00:00",
          "hasSaved": false,
          "imgDescription": "imgDescription id-1",
          "imgLink": "imgLink id-1",
          "owner": Object {
            "name": "owner id-1",
            "service": "google",
            "userId": "1",
          },
          "owns": false,
          "savedBy": Array [
            Object {
              "name": "savedBy - id-1",
              "service": "google",
              "userId": "1",
            },
            Object {
              "name": "savedBy - id-1",
              "service": "github",
              "userId": "1",
            },
          ],
          "tags": Array [
            Object {
              "_id": "tag_id_1",
              "tag": "tag 1",
            },
            Object {
              "_id": "tag_id_2",
              "tag": "tag 2",
            },
          ],
        }
      }
      pinImage={[MockFunction]}
    />
    <div
      className="owner"
    >
      owner id-1
    </div>
  </div>
  <div
    className="image-box"
    key="2"
    onClick={[Function]}
    onKeyDown={[Function]}
    role="button"
    tabIndex={0}
  >
    <img
      alt="imgDescription id-2"
      className="image-format"
      onError={[Function]}
      onLoad={[Function]}
      src="imgLink id-2"
      style={
        Object {
          "visibility": "hidden",
        }
      }
    />
    <div
      className="description"
    >
      imgDescription id-2
    </div>
    <HandleThumbnailImage
      deletePin={[MockFunction]}
      element={
        Object {
          "_id": 2,
          "comments": Array [],
          "createdAt": "2020-12-25T00:00:00.000+00:00",
          "hasSaved": true,
          "imgDescription": "imgDescription id-2",
          "imgLink": "imgLink id-2",
          "owner": Object {
            "name": "owner id-2",
            "service": "twitter",
            "userId": "2",
          },
          "owns": false,
          "savedBy": Array [
            Object {
              "name": "savedBy - id-2",
              "service": "google",
              "userId": "2",
            },
            Object {
              "name": "savedBy - id-2git",
              "service": "github",
              "userId": "2",
            },
          ],
          "tags": Array [
            Object {
              "_id": "tag_id_1",
              "tag": "tag 1",
            },
          ],
        }
      }
      pinImage={[MockFunction]}
    />
    <div
      className="owner"
    >
      owner id-2
    </div>
  </div>
  <div
    className="image-box"
    key="3"
    onClick={[Function]}
    onKeyDown={[Function]}
    role="button"
    tabIndex={0}
  >
    <img
      alt="imgDescription id-3"
      className="image-format"
      onError={[Function]}
      onLoad={[Function]}
      src="imgLink id-3"
      style={
        Object {
          "visibility": "hidden",
        }
      }
    />
    <div
      className="description"
    >
      imgDescription id-3
    </div>
    <HandleThumbnailImage
      deletePin={[MockFunction]}
      element={
        Object {
          "_id": 3,
          "comments": Array [],
          "createdAt": "2020-12-25T00:00:00.000+00:00",
          "hasSaved": false,
          "imgDescription": "imgDescription id-3",
          "imgLink": "imgLink id-3",
          "owner": Object {
            "name": "owner id-3",
            "service": "github",
            "userId": "3",
          },
          "owns": true,
          "savedBy": Array [
            Object {
              "name": "savedBy - id-3",
              "service": "google",
              "userId": "3",
            },
            Object {
              "name": "savedBy - id-3",
              "service": "github",
              "userId": "3",
            },
          ],
          "tags": Array [],
        }
      }
      pinImage={[MockFunction]}
    />
    <div
      className="owner"
    >
      owner id-3
    </div>
  </div>
</MasonryComponent>
`;
