// Jest Snapshot v1, https://goo.gl/fbAQLP

exports[`The pinners dialog will render 1`] = `
<ForwardRef(Dialog)
  PaperProps={
    Object {
      "sx": Object {
        "position": "fixed",
        "top": 0,
      },
    }
  }
  onClose={[MockFunction]}
  open={true}
>
  <ForwardRef(List)
    sx={
      Object {
        "pt": 0,
      }
    }
  >
    <ForwardRef(ListItem)
      component={
        Object {
          "$$typeof": Symbol(react.forward_ref),
          "propTypes": Object {
            "innerRef": [Function],
            "onClick": [Function],
            "replace": [Function],
            "target": [Function],
            "to": [Function],
          },
          "render": [Function],
        }
      }
      key="1"
      to="/profile/1-google-savedBy - id-1"
    >
      <ForwardRef(ListItemAvatar)>
        <ForwardRef(Avatar)
          sx={
            Object {
              "bgcolor": "#4285F4",
            }
          }
        >
          <Memo(ForwardRef(GoogleIcon))
            style={
              Object {
                "fontSize": 20,
              }
            }
          />
        </ForwardRef(Avatar)>
      </ForwardRef(ListItemAvatar)>
      <ForwardRef(ListItemText)
        primary="savedBy - id-1"
      />
    </ForwardRef(ListItem)>
    <ForwardRef(ListItem)
      component={
        Object {
          "$$typeof": Symbol(react.forward_ref),
          "propTypes": Object {
            "innerRef": [Function],
            "onClick": [Function],
            "replace": [Function],
            "target": [Function],
            "to": [Function],
          },
          "render": [Function],
        }
      }
      key="1"
      to="/profile/1-github-savedBy - id-1"
    >
      <ForwardRef(ListItemAvatar)>
        <ForwardRef(Avatar)
          sx={
            Object {
              "bgcolor": "#1d7b20",
            }
          }
        >
          <Memo(ForwardRef(GitHubIcon))
            style={
              Object {
                "fontSize": 20,
              }
            }
          />
        </ForwardRef(Avatar)>
      </ForwardRef(ListItemAvatar)>
      <ForwardRef(ListItemText)
        primary="savedBy - id-1"
      />
    </ForwardRef(ListItem)>
  </ForwardRef(List)>
</ForwardRef(Dialog)>
`;
